<html>
<body>
<pre>
<h1>µVision Build Log</h1>
<h2>Project:</h2>
D:\win10\document\516_project\sorting_system\scara\STM32_code\scara_controller\STM_code\USER\scara_controller.uvprojx
Project File Date:  08/01/2018

<h2>Output:</h2>
Build target 'Template'
compiling my_usart.c...
linking...
Program Size: Code=8720 RO-data=424 RW-data=56 ZI-data=2640  
FromELF: creating hex file...
"..\OBJ\Template.axf" - 0 Error(s), 0 Warning(s).
g...
Program Size: Code=8824 RO-data=448 RW-data=56 ZI-data=2640  
FromELF: creating hex file...
"..\OBJ\Template.axf" - 0 Error(s), 1 Warning(s).
 - 0 Error(s), 1 Warning(s).
ngs, 1 error
"..\HARDWARE\my_usart\my_usart.c" - 1 Error(s), 0 Warning(s).
