<html>
<body>
<pre>
<h1>µVision Build Log</h1>
<h2>Project:</h2>
D:\win10\document\516_project\sorting_system\scara\STM32_code\scara_controller\STM_code\USER\scara_controller.uvprojx
Project File Date:  08/01/2018

<h2>Output:</h2>
Build target 'Template'
compiling motor.c...
linking...
Program Size: Code=25850 RO-data=470 RW-data=56 ZI-data=2848  
FromELF: creating hex file...
"..\OBJ\Template.axf" - 0 Error(s), 0 Warning(s).
</pre>
</body>
</html>
 RO-data=6550 RW-data=60 ZI-data=2852  
FromELF: creating hex file...
"..\OBJ\Template.axf" - 0 Error(s), 1 Warning(s).

ata=60 ZI-data=1852  
FromELF: creating hex file...
"..\OBJ\Template.axf" - 0 Error(s), 2 Warning(s).

FromELF: creating hex file...
"..\OBJ\Template.axf" - 0 Error(s), 2 Warning(s).
a=1852  
FromELF: creating hex file...
"..\OBJ\Template.axf" - 0 Error(s), 3 Warning(s).
 u16 len , u16 fre_min , u16 fre_max , u16 flexible */) ;
..\HARDWARE\my_motor\motor.c: 1 warning, 0 errors
linking...
Program Size: Code=27896 RO-data=6600 RW-data=60 ZI-data=1852  
FromELF: creating hex file...
"..\OBJ\Template.axf" - 0 Error(s), 4 Warning(s).
ompiling main.c...
main.c(11): warning:  #177-D: variable "fre" was declared but never referenced
        u16 fre[1000] ;
main.c(13): warning:  #177-D: variable "i" was declared but never referenced
        u16 i = 0 ;
main.c: 2 warnings, 0 errors
"main.c" - 0 Error(s), 2 Warning(s).
